src/features/member/api/member.api.ts(256,21): error TS2339: Property 'slot_date' does not exist on type 'GenericStringError'.
src/features/member/api/member.api.ts(257,21): error TS2339: Property 'status' does not exist on type 'GenericStringError'.
